
> minecraft-trivia@0.1.0 build
> next build

▲ Next.js 16.2.10 (Turbopack)

  Creating an optimized production build ...
node.exe : Found 1 warning while optimizing generated CSS:
At line:1 char:1
+ & "C:\Program Files\nodejs/node.exe" "C:\Program Files\nodejs/node_mo ...
+ ~~~~~~~~~~~~~~~~~~~~~~~~~~~~~~~~~~~~~~~~~~~~~~~~~~~~~~~~~~~~~~~~~~~~~
    + CategoryInfo          : NotSpecified: (Found 1 warning... generated CSS::String) [], RemoteException
    + FullyQualifiedErrorId : NativeCommandError
 

[2m│   }[22m
[2m│ }[22m
[2m│[22m @import url('https://fonts.googleapis.com/css2?family=Press+Start+2P&display=swap');
[2m┆[22m        [33m[2m^--[22m @import rules must precede all rules aside from @charset and @layer statements[39m
[2m┆[22m
[2m│ :root {[22m
[2m│   --background: #ffffff;[22m


> Build error occurred
Error: Turbopack build failed with 1 errors:
./app/page.tsx:3:1
Module not found: Can't resolve '@/components/Game/GameContainer'
  [90m1 |[0m [32m'use client'[0m
  [90m2 |[0m
[31m[1m>[0m [90m3 |[0m [36mimport[0m { [33mGameContainer[0m } [36mfrom[0m 
[32m'@/components/Game/GameContainer'[0m
  [90m  |[0m [31m[1m^^^^^^^^^^^^^^^^^^^^^^^^^^^^^^^^^^^^^^^^^^^^^^^^^^^^^^^^^^^^^^^[0m
  [90m4 |[0m
  [90m5 |[0m [36mexport[0m [36mdefault[0m [36mfunction[0m [33mHome[0m() {
  [90m6 |[0m   [36mreturn[0m <[33mGameContainer[0m />

Import map: aliased to relative './components/Game/GameContainer' inside of [project]/


Import traces:
  Client Component Browser:
    ./app/page.tsx [Client Component Browser]
    ./app/page.tsx [Server Component]

  Client Component SSR:
    ./app/page.tsx [Client Component SSR]
    ./app/page.tsx [Server Component]

https://nextjs.org/docs/messages/module-not-found


    at <unknown> (./app/page.tsx:3:1)
    at <unknown> (https://nextjs.org/docs/messages/module-not-found)
